*** Current stack trace:
--> 0x2b0e05c18260 <don't know>         + 1ed260   ./bdw_work/sims/BEHAV_CHK2048_DMA64_WORD32_PARAL8_testS/INCA_libs/irun.lnx8664.15.20.nc/librun.so
--> 0x2b0e05c18260 <don't know>         + 1ed260   ./bdw_work/sims/BEHAV_CHK2048_DMA64_WORD32_PARAL8_testS/INCA_libs/irun.lnx8664.15.20.nc/librun.so
--> 0x2b0e05c1a04f system_t::config_proc() + a53      ./bdw_work/sims/BEHAV_CHK2048_DMA64_WORD32_PARAL8_testS/INCA_libs/irun.lnx8664.15.20.nc/librun.so
--> 0x2b0e08818788 sc_core::sc_cthread_cor_fn(void*) + 138      /opt/cad/incisive/tools/systemc/lib/64bit/gnu/4.8/libsystemc_sh.so
--> 0x2b0e08fe2960 qt_error             + 0        /opt/cad/incisive/tools/systemc/lib/64bit/gnu/4.8/libncscCoroutines_sh.so
